// Jest Snapshot v1, https://goo.gl/fbAQLP

exports[`Pruebas del componente AddCategory Deber√≠a devolver el snapshot correctamente 1`] = `
<form
  onSubmit={[Function]}
>
  <input
    onChange={[Function]}
    type="text"
    value=""
  />
</form>
`;
