// Jest Snapshot v1, https://goo.gl/fbAQLP

exports[`Pruebas del GifGridItem component debería renderizar correctamente el componente haciendo match con el snapshot 1`] = `
<div
  className="card  animate__animated animate__fadeIn"
>
  <img
    alt="Esto es un título"
    src="https://localhost/algo.jpg"
  />
  <p>
    Esto es un título
  </p>
</div>
`;
